[2026-03-19 01:00:37] root: INFO: Starting Flye 2.9.6-b1802
[2026-03-19 01:00:37] root: DEBUG: Cmd: /sciclone/home/wtravers/programs/Flye/bin/flye --nano-hq data/SRR33939694.fastq.gz -g 0.05m -o assemblies/assembly_local -t 6 --meta
[2026-03-19 01:00:37] root: DEBUG: Python version: 3.9.25 (main, Feb 25 2026, 00:00:00) 
[GCC 11.5.0 20240719 (Red Hat 11.5.0-11)]
[2026-03-19 01:00:37] root: INFO: >>>STAGE: configure
[2026-03-19 01:00:37] root: INFO: Configuring run
[2026-03-19 01:00:39] root: INFO: Total read length: 52927180
[2026-03-19 01:00:39] root: INFO: Input genome size: 50000
[2026-03-19 01:00:39] root: INFO: Estimated coverage: 1058
[2026-03-19 01:00:39] root: WARNING: Expected read coverage is 1058, the assembly is not guaranteed to be optimal in this setting. Are you sure that the genome size was entered correctly?
[2026-03-19 01:00:39] root: INFO: Reads N50/N90: 505 / 254
[2026-03-19 01:00:39] root: INFO: Minimum overlap set to 1000
[2026-03-19 01:00:39] root: INFO: >>>STAGE: assembly
[2026-03-19 01:00:39] root: INFO: Assembling disjointigs
[2026-03-19 01:00:39] root: DEBUG: -----Begin assembly log------
[2026-03-19 01:00:39] root: DEBUG: Running: flye-modules assemble --reads /sciclone/home/wtravers/SUPERCOMPUTING/assignments/assignment_06/data/SRR33939694.fastq.gz --out-asm /sciclone/home/wtravers/SUPERCOMPUTING/assignments/assignment_06/assemblies/assembly_local/00-assembly/draft_assembly.fasta --config /sciclone/home/wtravers/programs/Flye/flye/config/bin_cfg/asm_nano_hq.cfg --log /sciclone/home/wtravers/SUPERCOMPUTING/assignments/assignment_06/assemblies/assembly_local/flye.log --threads 6 --meta --genome-size 50000 --min-ovlp 1000
[2026-03-19 01:00:39] DEBUG: Build date: Mar 18 2026 19:58:33
[2026-03-19 01:00:39] DEBUG: Total RAM: 156 Gb
[2026-03-19 01:00:39] DEBUG: Available RAM: 151 Gb
[2026-03-19 01:00:39] DEBUG: Total CPUs: 40
[2026-03-19 01:00:39] DEBUG: Loading /sciclone/home/wtravers/programs/Flye/flye/config/bin_cfg/asm_nano_hq.cfg
[2026-03-19 01:00:39] DEBUG: Loading /sciclone/home/wtravers/programs/Flye/flye/config/bin_cfg/asm_defaults.cfg
[2026-03-19 01:00:39] DEBUG: 	big_genome_threshold=29000000
[2026-03-19 01:00:39] DEBUG: 	meta_read_filter_kmer_freq=100
[2026-03-19 01:00:39] DEBUG: 	chain_large_gap_penalty=2
[2026-03-19 01:00:39] DEBUG: 	chain_small_gap_penalty=0.5
[2026-03-19 01:00:39] DEBUG: 	chain_gap_jump_threshold=100
[2026-03-19 01:00:39] DEBUG: 	max_jump_gap=500
[2026-03-19 01:00:39] DEBUG: 	max_coverage_drop_rate=5
[2026-03-19 01:00:39] DEBUG: 	max_extensions_drop_rate=5
[2026-03-19 01:00:39] DEBUG: 	chimera_window=100
[2026-03-19 01:00:39] DEBUG: 	chimera_overhang=1000
[2026-03-19 01:00:39] DEBUG: 	min_reads_in_disjointig=4
[2026-03-19 01:00:39] DEBUG: 	max_inner_reads=10
[2026-03-19 01:00:39] DEBUG: 	max_inner_fraction=0.25
[2026-03-19 01:00:39] DEBUG: 	aggressive_dup_filter=1
[2026-03-19 01:00:39] DEBUG: 	max_separation=500
[2026-03-19 01:00:39] DEBUG: 	unique_edge_length=50000
[2026-03-19 01:00:39] DEBUG: 	min_repeat_res_support=0.51
[2026-03-19 01:00:39] DEBUG: 	out_paths_ratio=5
[2026-03-19 01:00:39] DEBUG: 	graph_cov_drop_rate=5
[2026-03-19 01:00:39] DEBUG: 	coverage_estimate_window=100
[2026-03-19 01:00:39] DEBUG: 	max_bubble_length=50000
[2026-03-19 01:00:39] DEBUG: 	loop_coverage_rate=1.5
[2026-03-19 01:00:39] DEBUG: 	repeat_edge_cov_mult=1.75
[2026-03-19 01:00:39] DEBUG: 	weak_detach_rate=5
[2026-03-19 01:00:39] DEBUG: 	tip_coverage_rate=2
[2026-03-19 01:00:39] DEBUG: 	tip_length_rate=2
[2026-03-19 01:00:39] DEBUG: 	output_gfa_before_rr=1
[2026-03-19 01:00:39] DEBUG: 	remove_alt_edges=0
[2026-03-19 01:00:39] DEBUG: 	low_cutoff_warning=0
[2026-03-19 01:00:39] DEBUG: 	kmer_size=17
[2026-03-19 01:00:39] DEBUG: 	use_minimizers=1
[2026-03-19 01:00:39] DEBUG: 	minimizer_window=10
[2026-03-19 01:00:39] DEBUG: 	reads_base_alignment=1
[2026-03-19 01:00:39] DEBUG: 	meta_read_top_kmer_rate=0.75
[2026-03-19 01:00:39] DEBUG: 	maximum_jump=1500
[2026-03-19 01:00:39] DEBUG: 	maximum_overhang=1500
[2026-03-19 01:00:39] DEBUG: 	repeat_kmer_rate=100
[2026-03-19 01:00:39] DEBUG: 	assemble_ovlp_divergence=0.03
[2026-03-19 01:00:39] DEBUG: 	assemble_divergence_relative=1
[2026-03-19 01:00:39] DEBUG: 	repeat_graph_ovlp_divergence=0.03
[2026-03-19 01:00:39] DEBUG: 	read_align_ovlp_divergence=0.10
[2026-03-19 01:00:39] DEBUG: 	hpc_scoring_on=1
[2026-03-19 01:00:39] DEBUG: 	add_unassembled_reads=0
[2026-03-19 01:00:39] DEBUG: 	extend_contigs_with_repeats=0
[2026-03-19 01:00:39] DEBUG: 	min_read_cov_cutoff=3
[2026-03-19 01:00:39] DEBUG: 	short_tip_length=20000
[2026-03-19 01:00:39] DEBUG: 	long_tip_length=100000
[2026-03-19 01:00:39] DEBUG: Running with k-mer size: 17
[2026-03-19 01:00:39] DEBUG: Running with minimum overlap 1000
[2026-03-19 01:00:39] DEBUG: Metagenome mode: Y
[2026-03-19 01:00:39] DEBUG: Short mode: N
[2026-03-19 01:00:39] INFO: Reading sequences
[2026-03-19 01:00:40] DEBUG: Building positional index
[2026-03-19 01:00:40] DEBUG: Total sequence: 8057872 bp
[2026-03-19 01:00:40] INFO: Building minimizer index
[2026-03-19 01:00:40] INFO: Pre-calculating index storage
[2026-03-19 01:00:40] DEBUG: Mean k-mer frequency: 3.29466
[2026-03-19 01:00:40] DEBUG: Repetitive k-mer frequency: 329
[2026-03-19 01:00:40] DEBUG: Filtered 42053 repetitive k-mers (0.0289604)
[2026-03-19 01:00:40] INFO: Filling index
[2026-03-19 01:00:40] DEBUG: Sorting k-mer index
[2026-03-19 01:00:40] DEBUG: Selected k-mers: 440715
[2026-03-19 01:00:40] DEBUG: K-mer index size: 1410034
[2026-03-19 01:00:40] DEBUG: Mean k-mer frequency: 3.19942
[2026-03-19 01:00:40] DEBUG: Minimizer rate: 5.71466
[2026-03-19 01:00:40] DEBUG: Peak RAM usage: 0 Gb
[2026-03-19 01:00:40] DEBUG: Estimating k-mer identity bias
[2026-03-19 01:00:41] DEBUG: Initial divergence estimate : 0.0764331
[2026-03-19 01:00:41] DEBUG: Relative threshold: Y
[2026-03-19 01:00:41] DEBUG: Max divergence threshold set to 0.106433
[2026-03-19 01:00:41] INFO: Extending reads
[2026-03-19 01:00:41] DEBUG: Estimating overlap coverage
[2026-03-19 01:00:48] INFO: Overlap-based coverage: 35
[2026-03-19 01:00:48] INFO: Median overlap divergence: 0.0745891
[2026-03-19 01:00:48] DEBUG: Sequence divergence distribution: 

    |           * *       |                                                                              
    |           ***       |                                                                              
    |           *****     |                                                                              
    |           *****     |                                                                              
    |           *****     |                                                                              
    |           ******    |                                                                              
    |          ********   |                                                                              
    |          *********  *                                                                              
    |         **********  *                                                                              
    |         **********  *                                                                              
    |         **********  *                                                                              
    |        *********** **                                                                              
    |        ***************                                                                             
    |        ****************                                                                            
    |      ******************                                                                            
    |      *******************                                                                           
    |      ********************                                                                          
    |      *********************                                                                         
    |     *************************                                                                      
    |    *****************************   *  **          *                                                
    ----------------------------------------------------------------------------------------------------
    0%        5%        10%       15%       20%       25%       30%       35%       40%       45%       

    Q25 = 0.059, Q50 = 0.075, Q75 = 0.095

[2026-03-19 01:00:48] DEBUG: Assembled disjointig 1
	With 9 reads
	Start read: +SRR33939694.108183/1
	At position: 4
	leftTip: 1 rightTip: 1
	Suspicious: 3
	Short ext: 0
	Mean extensions: 2
	Avg overlap len: 4354
	Min overlap len: 1488
	Inner reads: 0
	Length: 47312
[2026-03-19 01:00:48] DEBUG: Inner: 312 covered: 470 total: 10950
[2026-03-19 01:00:48] DEBUG: Discarded disjointig with 6 reads and 4 inner overlaps
[2026-03-19 01:00:49] DEBUG: Assembled disjointig 2
	With 7 reads
	Start read: +SRR33939694.67237/1
	At position: 1
	leftTip: 1 rightTip: 1
	Suspicious: 1
	Short ext: 0
	Mean extensions: 10
	Avg overlap len: 14666
	Min overlap len: 2515
	Inner reads: 0
	Length: 44176
[2026-03-19 01:00:49] DEBUG: Inner: 5988 covered: 6092 total: 10950
[2026-03-19 01:00:49] DEBUG: Discarded disjointig with 4 reads and 2 inner overlaps
[2026-03-19 01:00:49] DEBUG: Discarded disjointig with 7 reads and 5 inner overlaps
[2026-03-19 01:00:49] DEBUG: Discarded disjointig with 7 reads and 5 inner overlaps
[2026-03-19 01:00:49] DEBUG: Discarded disjointig with 7 reads and 5 inner overlaps
[2026-03-19 01:00:49] DEBUG: Discarded disjointig with 4 reads and 2 inner overlaps
[2026-03-19 01:00:50] INFO: Assembled 2 disjointigs
[2026-03-19 01:00:50] INFO: Generating sequence
[2026-03-19 01:00:50] DEBUG: Building positional index
[2026-03-19 01:00:50] DEBUG: Total sequence: 91555 bp
[2026-03-19 01:00:50] DEBUG: Mean k-mer frequency: 1.00529
[2026-03-19 01:00:50] DEBUG: Repetitive k-mer frequency: 100
[2026-03-19 01:00:50] DEBUG: Filtered 0 repetitive k-mers (0)
[2026-03-19 01:00:50] DEBUG: Sorting k-mer index
[2026-03-19 01:00:50] DEBUG: Selected k-mers: 16641
[2026-03-19 01:00:50] DEBUG: K-mer index size: 16730
[2026-03-19 01:00:50] DEBUG: Mean k-mer frequency: 1.00535
[2026-03-19 01:00:50] DEBUG: Minimizer rate: 5.4725
[2026-03-19 01:00:50] INFO: Filtering contained disjointigs
[2026-03-19 01:00:50] DEBUG: Computing transitive closure for overlaps
[2026-03-19 01:00:50] DEBUG: Found 0 overlaps
[2026-03-19 01:00:50] DEBUG: Left 0 overlaps after filtering
[2026-03-19 01:00:50] INFO: Contained seqs: 0
[2026-03-19 01:00:50] DEBUG: Writing FASTA
[2026-03-19 01:00:50] DEBUG: Peak RAM usage: 0 Gb
-----------End assembly log------------
[2026-03-19 01:00:50] root: DEBUG: Disjointigs length: 91555, N50: 47424
[2026-03-19 01:00:50] root: INFO: >>>STAGE: consensus
[2026-03-19 01:00:50] root: INFO: Running Minimap2
[2026-03-19 01:01:04] root: INFO: Computing consensus
[2026-03-19 01:01:41] root: INFO: Alignment error rate: 0.102191
[2026-03-19 01:01:41] root: INFO: >>>STAGE: repeat
[2026-03-19 01:01:41] root: INFO: Building and resolving repeat graph
[2026-03-19 01:01:41] root: DEBUG: -----Begin repeat analyser log------
[2026-03-19 01:01:41] root: DEBUG: Running: flye-modules repeat --disjointigs /sciclone/home/wtravers/SUPERCOMPUTING/assignments/assignment_06/assemblies/assembly_local/10-consensus/consensus.fasta --reads /sciclone/home/wtravers/SUPERCOMPUTING/assignments/assignment_06/data/SRR33939694.fastq.gz --out-dir /sciclone/home/wtravers/SUPERCOMPUTING/assignments/assignment_06/assemblies/assembly_local/20-repeat --config /sciclone/home/wtravers/programs/Flye/flye/config/bin_cfg/asm_nano_hq.cfg --log /sciclone/home/wtravers/SUPERCOMPUTING/assignments/assignment_06/assemblies/assembly_local/flye.log --threads 6 --meta --min-ovlp 1000
[2026-03-19 01:01:41] DEBUG: Build date: Mar 18 2026 19:58:45
[2026-03-19 01:01:41] DEBUG: Total RAM: 156 Gb
[2026-03-19 01:01:41] DEBUG: Available RAM: 151 Gb
[2026-03-19 01:01:41] DEBUG: Total CPUs: 40
[2026-03-19 01:01:41] DEBUG: Loading /sciclone/home/wtravers/programs/Flye/flye/config/bin_cfg/asm_nano_hq.cfg
[2026-03-19 01:01:41] DEBUG: Loading /sciclone/home/wtravers/programs/Flye/flye/config/bin_cfg/asm_defaults.cfg
[2026-03-19 01:01:41] DEBUG: 	big_genome_threshold=29000000
[2026-03-19 01:01:41] DEBUG: 	meta_read_filter_kmer_freq=100
[2026-03-19 01:01:41] DEBUG: 	chain_large_gap_penalty=2
[2026-03-19 01:01:41] DEBUG: 	chain_small_gap_penalty=0.5
[2026-03-19 01:01:41] DEBUG: 	chain_gap_jump_threshold=100
[2026-03-19 01:01:41] DEBUG: 	max_jump_gap=500
[2026-03-19 01:01:41] DEBUG: 	max_coverage_drop_rate=5
[2026-03-19 01:01:41] DEBUG: 	max_extensions_drop_rate=5
[2026-03-19 01:01:41] DEBUG: 	chimera_window=100
[2026-03-19 01:01:41] DEBUG: 	chimera_overhang=1000
[2026-03-19 01:01:41] DEBUG: 	min_reads_in_disjointig=4
[2026-03-19 01:01:41] DEBUG: 	max_inner_reads=10
[2026-03-19 01:01:41] DEBUG: 	max_inner_fraction=0.25
[2026-03-19 01:01:41] DEBUG: 	aggressive_dup_filter=1
[2026-03-19 01:01:41] DEBUG: 	max_separation=500
[2026-03-19 01:01:41] DEBUG: 	unique_edge_length=50000
[2026-03-19 01:01:41] DEBUG: 	min_repeat_res_support=0.51
[2026-03-19 01:01:41] DEBUG: 	out_paths_ratio=5
[2026-03-19 01:01:41] DEBUG: 	graph_cov_drop_rate=5
[2026-03-19 01:01:41] DEBUG: 	coverage_estimate_window=100
[2026-03-19 01:01:41] DEBUG: 	max_bubble_length=50000
[2026-03-19 01:01:41] DEBUG: 	loop_coverage_rate=1.5
[2026-03-19 01:01:41] DEBUG: 	repeat_edge_cov_mult=1.75
[2026-03-19 01:01:41] DEBUG: 	weak_detach_rate=5
[2026-03-19 01:01:41] DEBUG: 	tip_coverage_rate=2
[2026-03-19 01:01:41] DEBUG: 	tip_length_rate=2
[2026-03-19 01:01:41] DEBUG: 	output_gfa_before_rr=1
[2026-03-19 01:01:41] DEBUG: 	remove_alt_edges=0
[2026-03-19 01:01:41] DEBUG: 	low_cutoff_warning=0
[2026-03-19 01:01:41] DEBUG: 	kmer_size=17
[2026-03-19 01:01:41] DEBUG: 	use_minimizers=1
[2026-03-19 01:01:41] DEBUG: 	minimizer_window=10
[2026-03-19 01:01:41] DEBUG: 	reads_base_alignment=1
[2026-03-19 01:01:41] DEBUG: 	meta_read_top_kmer_rate=0.75
[2026-03-19 01:01:41] DEBUG: 	maximum_jump=1500
[2026-03-19 01:01:41] DEBUG: 	maximum_overhang=1500
[2026-03-19 01:01:41] DEBUG: 	repeat_kmer_rate=100
[2026-03-19 01:01:41] DEBUG: 	assemble_ovlp_divergence=0.03
[2026-03-19 01:01:41] DEBUG: 	assemble_divergence_relative=1
[2026-03-19 01:01:41] DEBUG: 	repeat_graph_ovlp_divergence=0.03
[2026-03-19 01:01:41] DEBUG: 	read_align_ovlp_divergence=0.10
[2026-03-19 01:01:41] DEBUG: 	hpc_scoring_on=1
[2026-03-19 01:01:41] DEBUG: 	add_unassembled_reads=0
[2026-03-19 01:01:41] DEBUG: 	extend_contigs_with_repeats=0
[2026-03-19 01:01:41] DEBUG: 	min_read_cov_cutoff=3
[2026-03-19 01:01:41] DEBUG: 	short_tip_length=20000
[2026-03-19 01:01:41] DEBUG: 	long_tip_length=100000
[2026-03-19 01:01:41] DEBUG: Running with k-mer size: 17
[2026-03-19 01:01:41] DEBUG: Selected minimum overlap 1000
[2026-03-19 01:01:41] DEBUG: Metagenome mode: Y
[2026-03-19 01:01:41] INFO: Parsing disjointigs
[2026-03-19 01:01:41] DEBUG: Building positional index
[2026-03-19 01:01:41] DEBUG: Total sequence: 91669 bp
[2026-03-19 01:01:41] INFO: Building repeat graph
[2026-03-19 01:01:41] DEBUG: Mean k-mer frequency: 1.0106
[2026-03-19 01:01:41] DEBUG: Repetitive k-mer frequency: 101
[2026-03-19 01:01:41] DEBUG: Filtered 0 repetitive k-mers (0)
[2026-03-19 01:01:41] DEBUG: Sorting k-mer index
[2026-03-19 01:01:41] DEBUG: Selected k-mers: 16508
[2026-03-19 01:01:41] DEBUG: K-mer index size: 16684
[2026-03-19 01:01:41] DEBUG: Mean k-mer frequency: 1.01066
[2026-03-19 01:01:41] DEBUG: Minimizer rate: 5.49443
[2026-03-19 01:01:41] DEBUG: Computing transitive closure for overlaps
[2026-03-19 01:01:41] DEBUG: Found 0 overlaps
[2026-03-19 01:01:41] DEBUG: Left 0 overlaps after filtering
[2026-03-19 01:01:41] INFO: Median overlap divergence: 0.0977502
[2026-03-19 01:01:41] DEBUG: Sequence divergence distribution: 

    |      |            *                                                                                
    |      |            *                                                                                
    |      |            *                                                                                
    |      |            *                                                                                
    |      |            *                                                                                
    |      |            *                                                                                
    |      |            *                                                                                
    |      |            *                                                                                
    |      |            *                                                                                
    |      |            *                                                                                
    |      |            *                                                                                
    |      |            *                                                                                
    |      |            *                                                                                
    |      |            *                                                                                
    |      |            *                                                                                
    |      |            *                                                                                
    |      |            *                                                                                
    |      |            *                                                                                
    |      |            *                                                                                
    |      |            *                                                                                
    ----------------------------------------------------------------------------------------------------
    0%        5%        10%       15%       20%       25%       30%       35%       40%       45%       

    Q25 = 0.098, Q50 = 0.098, Q75 = 0.098

[2026-03-19 01:01:41] DEBUG: Computing gluepoints
[2026-03-19 01:01:41] DEBUG: Added 0 gluepoint projections
[2026-03-19 01:01:41] DEBUG: Created 8 gluepoints
[2026-03-19 01:01:41] DEBUG: Artificial loops removed: 0 left, 0 right, 0 both
[2026-03-19 01:01:41] DEBUG: Initializing edges
[2026-03-19 01:01:41] DEBUG: Edges length checksum: 18446744073620799469
[2026-03-19 01:01:41] DEBUG: Filtered 0 singleton segments
[2026-03-19 01:01:41] DEBUG: Removed 0 simple and 0 double chimeric junctions
[2026-03-19 01:01:41] DEBUG: Collapsed 0 edges
[2026-03-19 01:01:41] DEBUG: *	1	+disjointig_1	0	47382	47382	
[2026-03-19 01:01:41] DEBUG: *	2	+disjointig_2	0	44285	44285	
[2026-03-19 01:01:41] DEBUG: Total edges: 2
[2026-03-19 01:01:41] INFO: Parsing reads
[2026-03-19 01:01:42] DEBUG: Building positional index
[2026-03-19 01:01:42] DEBUG: Total sequence: 52927180 bp
[2026-03-19 01:01:42] DEBUG: Building positional index
[2026-03-19 01:01:42] DEBUG: Total sequence: 91667 bp
[2026-03-19 01:01:42] INFO: Aligning reads to the graph
[2026-03-19 01:01:42] DEBUG: Mean k-mer frequency: 1.0106
[2026-03-19 01:01:42] DEBUG: Repetitive k-mer frequency: 101
[2026-03-19 01:01:42] DEBUG: Filtered 0 repetitive k-mers (0)
[2026-03-19 01:01:42] DEBUG: Sorting k-mer index
[2026-03-19 01:01:42] DEBUG: Selected k-mers: 16507
[2026-03-19 01:01:42] DEBUG: K-mer index size: 16683
[2026-03-19 01:01:42] DEBUG: Mean k-mer frequency: 1.01066
[2026-03-19 01:01:42] DEBUG: Minimizer rate: 5.49464
[2026-03-19 01:01:43] DEBUG: Total reads : 5475
[2026-03-19 01:01:43] DEBUG: Read with aligned parts : 3309
[2026-03-19 01:01:43] DEBUG: Aligned in one piece : 3309
[2026-03-19 01:01:43] INFO: Aligned read sequence: 5149694 / 8057872 (0.639089)
[2026-03-19 01:01:43] INFO: Median overlap divergence: 0.04
[2026-03-19 01:01:43] DEBUG: Sequence divergence distribution: 

    |     **             |                                                                               
    |     **             |                                                                               
    |     **             |                                                                               
    |    *****           |                                                                               
    |    *****           |                                                                               
    |    ******          |                                                                               
    |    ******          |                                                                               
    |    ******          |                                                                               
    |   *******          |                                                                               
    |   *******          |                                                                               
    |   ********         |                                                                               
    |   **********       |                                                                               
    |   **********       |                                                                               
    |   **********       |                                                                               
    |  ************      |                                                                               
    |  ***************   |                                                                               
    |  ****************  |                                                                               
    |  *******************                                                                               
    | *********************                                                                              
    |***************************                                                                         
    ----------------------------------------------------------------------------------------------------
    0%        5%        10%       15%       20%       25%       30%       35%       40%       45%       

    Q25 = 0.028, Q50 = 0.04, Q75 = 0.057

[2026-03-19 01:01:43] INFO: Mean edge coverage: 52
[2026-03-19 01:01:43] DEBUG: 1	len:47382	cov:10	mult:0.192308
[2026-03-19 01:01:43] DEBUG: -1	len:47382	cov:10	mult:0.192308
[2026-03-19 01:01:43] DEBUG: 2	len:44285	cov:100	mult:1.92308
[2026-03-19 01:01:43] DEBUG: -2	len:44285	cov:100	mult:1.92308
[2026-03-19 01:01:43] DEBUG: Unique coverage threshold 2
[2026-03-19 01:01:43] INFO: Simplifying the graph
[2026-03-19 01:01:43] DEBUG: Read coverage cutoff: 3
[2026-03-19 01:01:43] DEBUG: [SIMPL] Removed 0 paths with low coverage
[2026-03-19 01:01:43] DEBUG: [SIMPL] Masked 0 heterozygous loops
[2026-03-19 01:01:43] DEBUG: [SIMPL] Masked 0 simple bubbles
[2026-03-19 01:01:43] DEBUG: [SIMPL] Masked 0 roundabouts
[2026-03-19 01:01:43] DEBUG: [SIMPL] Masked 0 superbubbles
[2026-03-19 01:01:43] DEBUG: Finding repeats
[2026-03-19 01:01:43] DEBUG: Read coverage cutoff: 3
[2026-03-19 01:01:43] DEBUG: Repeat detection iteration 1
[2026-03-19 01:01:43] DEBUG: Repeat detection iteration 2
[2026-03-19 01:01:43] DEBUG: Writing Dot
[2026-03-19 01:01:43] DEBUG: Writing FASTA
[2026-03-19 01:01:43] DEBUG: Writing Gfa
[2026-03-19 01:01:43] DEBUG: [SIMPL] Resolved 0 simple repeats
[2026-03-19 01:01:43] DEBUG: [SIMPL] == Iteration 1 ==
[2026-03-19 01:01:43] DEBUG: Splitting nodes
[2026-03-19 01:01:43] DEBUG: [SIMPL] Split 0 nodes
[2026-03-19 01:01:43] DEBUG: [SIMPL] Disconnected 0 minor paths
[2026-03-19 01:01:43] DEBUG: [SIMPL] Clipped 0 short and 0 long tips
[2026-03-19 01:01:43] DEBUG: [SIMPL] Masked 0 heterozygous loops
[2026-03-19 01:01:43] DEBUG: [SIMPL] Masked 0 simple bubbles
[2026-03-19 01:01:43] DEBUG: [SIMPL] Masked 0 roundabouts
[2026-03-19 01:01:43] DEBUG: [SIMPL] Masked 0 superbubbles
[2026-03-19 01:01:43] DEBUG: Finding repeats
[2026-03-19 01:01:43] DEBUG: Read coverage cutoff: 3
[2026-03-19 01:01:43] DEBUG: Repeat detection iteration 1
[2026-03-19 01:01:43] DEBUG: Repeat detection iteration 2
[2026-03-19 01:01:43] DEBUG: Total unique edges: 2
[2026-03-19 01:01:43] DEBUG: [SIMPL] Resolved repeats: 0
[2026-03-19 01:01:43] DEBUG: RR links: 0
[2026-03-19 01:01:43] DEBUG: Unresolved: 0
[2026-03-19 01:01:43] DEBUG: Removed 0 simple and 0 double chimeric junctions
[2026-03-19 01:01:43] DEBUG: [SIMPL] Simplified 0 forks
[2026-03-19 01:01:43] DEBUG: [SIMPL] Collapsed 0 haplotypes
[2026-03-19 01:01:43] DEBUG: [SIMPL] Resolved 0 simple repeats
[2026-03-19 01:01:43] DEBUG: Read coverage cutoff: 3
[2026-03-19 01:01:43] DEBUG: [SIMPL] Removed 0 paths with low coverage
[2026-03-19 01:01:43] DEBUG: Finding repeats
[2026-03-19 01:01:43] DEBUG: Read coverage cutoff: 3
[2026-03-19 01:01:43] DEBUG: Repeat detection iteration 1
[2026-03-19 01:01:43] DEBUG: Repeat detection iteration 2
[2026-03-19 01:01:43] DEBUG: Writing Dot
[2026-03-19 01:01:43] DEBUG: Writing FASTA
[2026-03-19 01:01:43] DEBUG: Peak RAM usage: 0 Gb
-----------End assembly log------------
[2026-03-19 01:01:43] root: INFO: >>>STAGE: contigger
[2026-03-19 01:01:43] root: INFO: Generating contigs
[2026-03-19 01:01:43] root: DEBUG: -----Begin contigger analyser log------
[2026-03-19 01:01:43] root: DEBUG: Running: flye-modules contigger --graph-edges /sciclone/home/wtravers/SUPERCOMPUTING/assignments/assignment_06/assemblies/assembly_local/20-repeat/repeat_graph_edges.fasta --reads /sciclone/home/wtravers/SUPERCOMPUTING/assignments/assignment_06/data/SRR33939694.fastq.gz --out-dir /sciclone/home/wtravers/SUPERCOMPUTING/assignments/assignment_06/assemblies/assembly_local/30-contigger --config /sciclone/home/wtravers/programs/Flye/flye/config/bin_cfg/asm_nano_hq.cfg --repeat-graph /sciclone/home/wtravers/SUPERCOMPUTING/assignments/assignment_06/assemblies/assembly_local/20-repeat/repeat_graph_dump --graph-aln /sciclone/home/wtravers/SUPERCOMPUTING/assignments/assignment_06/assemblies/assembly_local/20-repeat/read_alignment_dump --log /sciclone/home/wtravers/SUPERCOMPUTING/assignments/assignment_06/assemblies/assembly_local/flye.log --threads 6 --min-ovlp 1000
[2026-03-19 01:01:43] DEBUG: Build date: Mar 18 2026 19:58:58
[2026-03-19 01:01:43] DEBUG: Total RAM: 156 Gb
[2026-03-19 01:01:43] DEBUG: Available RAM: 151 Gb
[2026-03-19 01:01:43] DEBUG: Total CPUs: 40
[2026-03-19 01:01:43] DEBUG: Loading /sciclone/home/wtravers/programs/Flye/flye/config/bin_cfg/asm_nano_hq.cfg
[2026-03-19 01:01:43] DEBUG: Loading /sciclone/home/wtravers/programs/Flye/flye/config/bin_cfg/asm_defaults.cfg
[2026-03-19 01:01:43] DEBUG: 	big_genome_threshold=29000000
[2026-03-19 01:01:43] DEBUG: 	meta_read_filter_kmer_freq=100
[2026-03-19 01:01:43] DEBUG: 	chain_large_gap_penalty=2
[2026-03-19 01:01:43] DEBUG: 	chain_small_gap_penalty=0.5
[2026-03-19 01:01:43] DEBUG: 	chain_gap_jump_threshold=100
[2026-03-19 01:01:43] DEBUG: 	max_jump_gap=500
[2026-03-19 01:01:43] DEBUG: 	max_coverage_drop_rate=5
[2026-03-19 01:01:43] DEBUG: 	max_extensions_drop_rate=5
[2026-03-19 01:01:43] DEBUG: 	chimera_window=100
[2026-03-19 01:01:43] DEBUG: 	chimera_overhang=1000
[2026-03-19 01:01:43] DEBUG: 	min_reads_in_disjointig=4
[2026-03-19 01:01:43] DEBUG: 	max_inner_reads=10
[2026-03-19 01:01:43] DEBUG: 	max_inner_fraction=0.25
[2026-03-19 01:01:43] DEBUG: 	aggressive_dup_filter=1
[2026-03-19 01:01:43] DEBUG: 	max_separation=500
[2026-03-19 01:01:43] DEBUG: 	unique_edge_length=50000
[2026-03-19 01:01:43] DEBUG: 	min_repeat_res_support=0.51
[2026-03-19 01:01:43] DEBUG: 	out_paths_ratio=5
[2026-03-19 01:01:43] DEBUG: 	graph_cov_drop_rate=5
[2026-03-19 01:01:43] DEBUG: 	coverage_estimate_window=100
[2026-03-19 01:01:43] DEBUG: 	max_bubble_length=50000
[2026-03-19 01:01:43] DEBUG: 	loop_coverage_rate=1.5
[2026-03-19 01:01:43] DEBUG: 	repeat_edge_cov_mult=1.75
[2026-03-19 01:01:43] DEBUG: 	weak_detach_rate=5
[2026-03-19 01:01:43] DEBUG: 	tip_coverage_rate=2
[2026-03-19 01:01:43] DEBUG: 	tip_length_rate=2
[2026-03-19 01:01:43] DEBUG: 	output_gfa_before_rr=1
[2026-03-19 01:01:43] DEBUG: 	remove_alt_edges=0
[2026-03-19 01:01:43] DEBUG: 	low_cutoff_warning=0
[2026-03-19 01:01:43] DEBUG: 	kmer_size=17
[2026-03-19 01:01:43] DEBUG: 	use_minimizers=1
[2026-03-19 01:01:43] DEBUG: 	minimizer_window=10
[2026-03-19 01:01:43] DEBUG: 	reads_base_alignment=1
[2026-03-19 01:01:43] DEBUG: 	meta_read_top_kmer_rate=0.75
[2026-03-19 01:01:43] DEBUG: 	maximum_jump=1500
[2026-03-19 01:01:43] DEBUG: 	maximum_overhang=1500
[2026-03-19 01:01:43] DEBUG: 	repeat_kmer_rate=100
[2026-03-19 01:01:43] DEBUG: 	assemble_ovlp_divergence=0.03
[2026-03-19 01:01:43] DEBUG: 	assemble_divergence_relative=1
[2026-03-19 01:01:43] DEBUG: 	repeat_graph_ovlp_divergence=0.03
[2026-03-19 01:01:43] DEBUG: 	read_align_ovlp_divergence=0.10
[2026-03-19 01:01:43] DEBUG: 	hpc_scoring_on=1
[2026-03-19 01:01:43] DEBUG: 	add_unassembled_reads=0
[2026-03-19 01:01:43] DEBUG: 	extend_contigs_with_repeats=0
[2026-03-19 01:01:43] DEBUG: 	min_read_cov_cutoff=3
[2026-03-19 01:01:43] DEBUG: 	short_tip_length=20000
[2026-03-19 01:01:43] DEBUG: 	long_tip_length=100000
[2026-03-19 01:01:43] DEBUG: Running with k-mer size: 17
[2026-03-19 01:01:43] DEBUG: Selected minimum overlap 1000
[2026-03-19 01:01:43] INFO: Reading sequences
[2026-03-19 01:01:44] DEBUG: Building positional index
[2026-03-19 01:01:44] DEBUG: Total sequence: 52927180 bp
[2026-03-19 01:01:44] DEBUG: Flipped 0
[2026-03-19 01:01:44] DEBUG: UPath 1: 1
[2026-03-19 01:01:44] DEBUG: UPath 2: 2
[2026-03-19 01:01:44] DEBUG: Final graph contains 2 egdes
[2026-03-19 01:01:44] DEBUG: Extending contigs into repeats
[2026-03-19 01:01:44] DEBUG: Covered 0 repetitive contigs
[2026-03-19 01:01:44] INFO: Generated 2 contigs
[2026-03-19 01:01:44] DEBUG: Writing FASTA
[2026-03-19 01:01:44] DEBUG: Generating scaffold connections
[2026-03-19 01:01:44] INFO: Added 0 scaffold connections
[2026-03-19 01:01:44] DEBUG: Writing Dot
[2026-03-19 01:01:44] DEBUG: Writing FASTA
[2026-03-19 01:01:44] DEBUG: Writing Gfa
[2026-03-19 01:01:44] DEBUG: Peak RAM usage: 0 Gb
-----------End assembly log------------
[2026-03-19 01:01:44] root: INFO: >>>STAGE: polishing
[2026-03-19 01:01:44] root: INFO: Polishing genome (1/1)
[2026-03-19 01:01:44] root: INFO: Running minimap2
[2026-03-19 01:02:01] root: INFO: Separating alignment into bubbles
[2026-03-19 01:02:35] root: DEBUG: Generated 6343 bubbles
[2026-03-19 01:02:35] root: DEBUG: Split 0 long bubbles
[2026-03-19 01:02:35] root: DEBUG: Skipped 0 empty bubbles
[2026-03-19 01:02:35] root: DEBUG: Skipped 0 bubbles with long branches
[2026-03-19 01:02:35] root: INFO: Alignment error rate: 0.052820
[2026-03-19 01:02:35] root: INFO: Correcting bubbles
[2026-03-19 01:02:35] root: DEBUG: Mean contig coverage: 422, selected threshold: 3
[2026-03-19 01:02:35] root: DEBUG: Filtered 0 contigs of total length 0
[2026-03-19 01:02:35] root: DEBUG: Generating polished GFA
[2026-03-19 01:02:35] root: DEBUG: 0 sequences remained unpolished
[2026-03-19 01:02:35] root: INFO: >>>STAGE: finalize
[2026-03-19 01:02:35] root: DEBUG: ---Output dir contents:----
[2026-03-19 01:02:35] root: DEBUG: assembly_local/
[2026-03-19 01:02:35] root: DEBUG:     30.0 K      flye.log
[2026-03-19 01:02:35] root: DEBUG:     92.0 B      params.json
[2026-03-19 01:02:35] root: DEBUG:     656.0 B     assembly_graph.gv
[2026-03-19 01:02:35] root: DEBUG:     89.0 K      assembly_graph.gfa
[2026-03-19 01:02:35] root: DEBUG:     91.0 K      assembly.fasta
[2026-03-19 01:02:35] root: DEBUG:     00-assembly/
[2026-03-19 01:02:35] root: DEBUG:         90.0 K      draft_assembly.fasta
[2026-03-19 01:02:35] root: DEBUG:         59.0 B      draft_assembly.fasta.fai
[2026-03-19 01:02:35] root: DEBUG:     10-consensus/
[2026-03-19 01:02:35] root: DEBUG:         1.0 K       minimap.stderr
[2026-03-19 01:02:35] root: DEBUG:         1.0 K       minimap.bam.csi
[2026-03-19 01:02:35] root: DEBUG:         91.0 K      consensus.fasta
[2026-03-19 01:02:35] root: DEBUG:     20-repeat/
[2026-03-19 01:02:35] root: DEBUG:         656.0 B     graph_before_rr.gv
[2026-03-19 01:02:35] root: DEBUG:         90.0 K      graph_before_rr.fasta
[2026-03-19 01:02:35] root: DEBUG:         89.0 K      graph_before_rr.gfa
[2026-03-19 01:02:35] root: DEBUG:         656.0 B     graph_after_rr.gv
[2026-03-19 01:02:35] root: DEBUG:         352.0 B     repeat_graph_dump
[2026-03-19 01:02:35] root: DEBUG:         757.0 K     read_alignment_dump
[2026-03-19 01:02:35] root: DEBUG:         90.0 K      repeat_graph_edges.fasta
[2026-03-19 01:02:35] root: DEBUG:     30-contigger/
[2026-03-19 01:02:35] root: DEBUG:         90.0 K      contigs.fasta
[2026-03-19 01:02:35] root: DEBUG:         144.0 B     contigs_stats.txt
[2026-03-19 01:02:35] root: DEBUG:         0.0 B       scaffolds_links.txt
[2026-03-19 01:02:35] root: DEBUG:         656.0 B     graph_final.gv
[2026-03-19 01:02:35] root: DEBUG:         90.0 K      graph_final.fasta
[2026-03-19 01:02:35] root: DEBUG:         89.0 K      graph_final.gfa
[2026-03-19 01:02:35] root: DEBUG:         51.0 B      contigs.fasta.fai
[2026-03-19 01:02:35] root: DEBUG:     40-polishing/
[2026-03-19 01:02:35] root: DEBUG:         989.0 B     minimap.stderr
[2026-03-19 01:02:35] root: DEBUG:         1.0 K       minimap_1.bam.csi
[2026-03-19 01:02:35] root: DEBUG:         63.0 B      contigs_stats.txt
[2026-03-19 01:02:35] root: DEBUG:         29.0 K      base_coverage.bed.gz
[2026-03-19 01:02:35] root: DEBUG:         91.0 K      filtered_contigs.fasta
[2026-03-19 01:02:35] root: DEBUG:         63.0 B      filtered_stats.txt
[2026-03-19 01:02:35] root: DEBUG:         51.0 B      filtered_contigs.fasta.fai
[2026-03-19 01:02:35] root: DEBUG:         111.0 B     edges_aln.bam.csi
[2026-03-19 01:02:35] root: DEBUG:         89.0 K      polished_edges.gfa
[2026-03-19 01:02:35] root: DEBUG: --------------------------
[2026-03-19 01:02:35] root: INFO: Assembly statistics:

	Total length:	91713
	Fragments:	2
	Fragments N50:	47428
	Largest frg:	47428
	Scaffolds:	0
	Mean coverage:	422

[2026-03-19 01:02:35] root: INFO: Final assembly: /sciclone/home/wtravers/SUPERCOMPUTING/assignments/assignment_06/assemblies/assembly_local/assembly.fasta
