downloaded SRR36115451...
downloaded SRR36115452...
downloaded SRR36115453...
downloaded SRR36115454...
downloaded SRR36115455...
downloaded SRR36115489...
downloaded SRR36115490...
downloaded SRR36115491...
downloaded SRR36115492...
downloaded SRR36115493...
downloaded SRR36115494...
downloaded SRR36115495...
downloaded SRR36115496...
downloaded SRR36115497...
downloaded SRR36115498...
Archive:  dog_genome.zip
  inflating: README.md               
  inflating: ncbi_dataset/data/assembly_data_report.jsonl  
  inflating: ncbi_dataset/data/GCF_011100685.1/GCF_011100685.1_UU_Cfam_GSD_1.0_genomic.fna  
  inflating: ncbi_dataset/data/dataset_catalog.json  
  inflating: md5sum.txt              
Cleaning complete. Files are in data/clean/
Script complete. Results in /output
